// Jest Snapshot v1, https://goo.gl/fbAQLP

exports[`(Component) CreateModelParing render normally 1`] = `
<div>
  <DialogFilter
    DialogBtnContent="Create"
    DialogID=""
    DialogTitle="Create Model Pairing"
    checkError="a"
    dispatch={[Function]}
    handleSubmit={[Function]}
    isOpen={false}
    modelOption={Array []}
    modelstatus="a"
    processId={Array []}
    productId={Array []}
    status={false}
    that={
      CreateModelParing {
        "_reactInternalInstance": ShallowComponentWrapper {
          "_calledComponentWillUnmount": false,
          "_compositeType": 0,
          "_context": Object {},
          "_currentElement": <CreateModelParing
            checkError="a"
            dispatch={[Function]}
            isOpen={false}
            modelOption={Array []}
            modelstatus="a"
            processList={Array []}
            productList={Array []}
            status={false}
            toggleDialog={[Function]}
      />,
          "_debugID": 1,
          "_hostContainerInfo": null,
          "_hostParent": null,
          "_instance": [Circular],
          "_mountOrder": 1,
          "_pendingCallbacks": null,
          "_pendingElement": null,
          "_pendingForceUpdate": false,
          "_pendingReplaceState": false,
          "_pendingStateQueue": null,
          "_renderedComponent": NoopInternalComponent {
            "_currentElement": <div>
              <DialogFilter
                      DialogBtnContent="Create"
                      DialogID=""
                      DialogTitle="Create Model Pairing"
                      checkError="a"
                      dispatch={[Function]}
                      handleSubmit={[Function]}
                      isOpen={false}
                      modelOption={Array []}
                      modelstatus="a"
                      processId={Array []}
                      productId={Array []}
                      status={false}
                      that={[Circular]}
                      toggleDialog={[Function]}
              />
      </div>,
            "_debugID": 2,
            "_renderedOutput": <div>
              <DialogFilter
                      DialogBtnContent="Create"
                      DialogID=""
                      DialogTitle="Create Model Pairing"
                      checkError="a"
                      dispatch={[Function]}
                      handleSubmit={[Function]}
                      isOpen={false}
                      modelOption={Array []}
                      modelstatus="a"
                      processId={Array []}
                      productId={Array []}
                      status={false}
                      that={[Circular]}
                      toggleDialog={[Function]}
              />
      </div>,
          },
          "_renderedNodeType": 0,
          "_rootNodeID": 0,
          "_topLevelWrapper": null,
          "_updateBatchNumber": null,
          "_warnedAboutRefsInRender": false,
        },
        "context": Object {},
        "handleSubmit": [Function],
        "props": Object {
          "checkError": "a",
          "dispatch": [Function],
          "isOpen": false,
          "modelOption": Array [],
          "modelstatus": "a",
          "processList": Array [],
          "productList": Array [],
          "status": false,
          "toggleDialog": [Function],
        },
        "refs": Object {},
        "state": Object {
          "isTrialRun": true,
          "model": "a",
          "processId": "",
          "productId": "",
        },
        "updater": Object {
          "enqueueCallback": [Function],
          "enqueueCallbackInternal": [Function],
          "enqueueElementInternal": [Function],
          "enqueueForceUpdate": [Function],
          "enqueueReplaceState": [Function],
          "enqueueSetState": [Function],
          "isMounted": [Function],
          "validateCallback": [Function],
        },
      }
    }
    toggleDialog={[Function]}
  />
</div>
`;
