// Jest Snapshot v1, https://goo.gl/fbAQLP

exports[`(Component) ModelSettingList render normally 1`] = `
<div
  style={
    Object {
      "margin": "30px 40px",
    }
  }
>
  <div
    className="top-left"
  >
    <span
      className="productGlass"
    >
      Model Pairing List
    </span>
  </div>
  <ReactTable
    AggregatedComponent={[Function]}
    ExpanderComponent={[Function]}
    FilterComponent={[Function]}
    LoadingComponent={[Function]}
    NoDataComponent={[Function]}
    PadRowComponent={[Function]}
    PaginationComponent={[Function]}
    PivotValueComponent={[Function]}
    ResizerComponent={[Function]}
    TableComponent={[Function]}
    TbodyComponent={[Function]}
    TdComponent={[Function]}
    TfootComponent={[Function]}
    ThComponent={[Function]}
    TheadComponent={[Function]}
    TrComponent={[Function]}
    TrGroupComponent={[Function]}
    aggregatedKey="_aggregated"
    className="-striped -highlight"
    collapseOnDataChange={true}
    collapseOnPageChange={true}
    collapseOnSortingChange={true}
    column={
      Object {
        "Aggregated": undefined,
        "Cell": undefined,
        "Expander": undefined,
        "Filter": undefined,
        "Footer": undefined,
        "Header": undefined,
        "Pivot": undefined,
        "PivotValue": undefined,
        "aggregate": undefined,
        "className": "",
        "filterAll": false,
        "filterMethod": undefined,
        "filterable": undefined,
        "footerClassName": "",
        "footerStyle": Object {},
        "getFooterProps": [Function],
        "getHeaderProps": [Function],
        "getProps": [Function],
        "headerClassName": "",
        "headerStyle": Object {},
        "minWidth": 100,
        "resizable": undefined,
        "show": true,
        "sortMethod": undefined,
        "sortable": undefined,
        "style": Object {},
      }
    }
    columns={
      Array [
        Object {
          "Header": "Process ID",
          "accessor": "processName",
          "style": Object {
            "textAlign": "center",
          },
          "width": 200,
        },
        Object {
          "Header": "Product ID",
          "accessor": "productName",
          "style": Object {
            "textAlign": "center",
          },
          "width": 200,
        },
        Object {
          "Header": "Model",
          "accessor": "modelName",
          "style": Object {
            "textAlign": "center",
          },
          "width": 200,
        },
        Object {
          "Header": "Defect Code",
          "accessor": [Function],
          "id": "defectCode",
          "style": Object {
            "textAlign": "center",
            "whiteSpace": "normal",
          },
        },
        Object {
          "Cell": [Function],
          "Header": "Action",
          "accessor": "",
          "style": Object {
            "padding": "5px",
            "textAlign": "center",
          },
          "width": 200,
        },
      ]
    }
    data={Array []}
    defaultExpanded={Object {}}
    defaultFilterMethod={[Function]}
    defaultFiltered={Array []}
    defaultPageSize={10}
    defaultResized={Array []}
    defaultSortDesc={false}
    defaultSortMethod={[Function]}
    defaultSorted={Array []}
    expanderDefaults={
      Object {
        "filterable": false,
        "resizable": false,
        "sortable": false,
        "width": 35,
      }
    }
    filterable={false}
    freezeWhenExpanded={false}
    getLoadingProps={[Function]}
    getNoDataProps={[Function]}
    getPaginationProps={[Function]}
    getProps={[Function]}
    getResizerProps={[Function]}
    getTableProps={[Function]}
    getTbodyProps={[Function]}
    getTdProps={[Function]}
    getTfootProps={[Function]}
    getTfootTdProps={[Function]}
    getTfootTrProps={[Function]}
    getTheadFilterProps={[Function]}
    getTheadFilterThProps={[Function]}
    getTheadFilterTrProps={[Function]}
    getTheadGroupProps={[Function]}
    getTheadGroupThProps={[Function]}
    getTheadGroupTrProps={[Function]}
    getTheadProps={[Function]}
    getTheadThProps={[Function]}
    getTheadTrProps={[Function]}
    getTrGroupProps={[Function]}
    getTrProps={[Function]}
    groupedByPivotKey="_groupedByPivot"
    indexKey="_index"
    loading={false}
    loadingText="Loading..."
    nestingLevelKey="_nestingLevel"
    nextText="Next"
    noDataText="No rows found"
    ofText="of"
    onFetchData={[Function]}
    originalKey="_original"
    pageSizeOptions={
      Array [
        5,
        10,
        20,
        25,
        50,
        100,
      ]
    }
    pageText="Page"
    pivotDefaults={Object {}}
    pivotIDKey="_pivotID"
    pivotValKey="_pivotVal"
    previousText="Previous"
    resizable={true}
    rowsText="rows"
    showPageJump={true}
    showPageSizeOptions={true}
    showPagination={true}
    showPaginationBottom={true}
    showPaginationTop={false}
    sortable={true}
    style={Object {}}
    subRowsKey="_subRows"
  />
  <Connect(EditDialog)
    dataDetail={Object {}}
    editOpen={true}
    modelList={Array []}
    toggleEdit={[Function]}
  />
  <Connect(TrialRun)
    dataDetail={Object {}}
    trialRun={[Function]}
    trialRunOpen={false}
  />
  <Connect(DeleteDialog)
    dataDetail={Object {}}
    delOpen={false}
    toggleDel={[Function]}
  />
</div>
`;
