// Jest Snapshot v1, https://goo.gl/fbAQLP

exports[`(Component) EditModelName render normally 1`] = `
<div>
  <Modal
    confirmLoading={false}
    maskTransitionName="fade"
    okText="Save"
    onCancel={[Function]}
    onOk={[Function]}
    prefixCls="ant-modal"
    title="Edit Model"
    transitionName="zoom"
    visible={false}
    width={520}
  >
    <Dialog
      that={
        EditModelName {
          "_reactInternalInstance": ShallowComponentWrapper {
            "_calledComponentWillUnmount": false,
            "_compositeType": 0,
            "_context": Object {},
            "_currentElement": <EditModelName
              dataDetail={
                    Object {
                          "original": Object {
                            "id": "1",
                            "name": "model",
                          },
                        }
              }
              dispatch={[Function]}
              editOpen={false}
              toggleEdit={[Function]}
        />,
            "_debugID": 1,
            "_hostContainerInfo": null,
            "_hostParent": null,
            "_instance": [Circular],
            "_mountOrder": 1,
            "_pendingCallbacks": null,
            "_pendingElement": null,
            "_pendingForceUpdate": false,
            "_pendingReplaceState": false,
            "_pendingStateQueue": null,
            "_renderedComponent": NoopInternalComponent {
              "_currentElement": <div>
                <Modal
                        confirmLoading={false}
                        maskTransitionName="fade"
                        okText="Save"
                        onCancel={[Function]}
                        onOk={[Function]}
                        prefixCls="ant-modal"
                        title="Edit Model"
                        transitionName="zoom"
                        visible={false}
                        width={520}
                >
                        <Dialog
                                that={[Circular]}
                        />
                </Modal>
        </div>,
              "_debugID": 2,
              "_renderedOutput": <div>
                <Modal
                        confirmLoading={false}
                        maskTransitionName="fade"
                        okText="Save"
                        onCancel={[Function]}
                        onOk={[Function]}
                        prefixCls="ant-modal"
                        title="Edit Model"
                        transitionName="zoom"
                        visible={false}
                        width={520}
                >
                        <Dialog
                                that={[Circular]}
                        />
                </Modal>
        </div>,
            },
            "_renderedNodeType": 0,
            "_rootNodeID": 0,
            "_topLevelWrapper": null,
            "_updateBatchNumber": null,
            "_warnedAboutRefsInRender": false,
          },
          "context": Object {},
          "handleCancel": [Function],
          "handleOk": [Function],
          "props": Object {
            "dataDetail": Object {
              "original": Object {
                "id": "1",
                "name": "model",
              },
            },
            "dispatch": [Function],
            "editOpen": false,
            "toggleEdit": [Function],
          },
          "refs": Object {},
          "state": Object {
            "description": undefined,
            "modelName": "model",
            "visible": false,
          },
          "toggle": [Function],
          "updater": Object {
            "enqueueCallback": [Function],
            "enqueueCallbackInternal": [Function],
            "enqueueElementInternal": [Function],
            "enqueueForceUpdate": [Function],
            "enqueueReplaceState": [Function],
            "enqueueSetState": [Function],
            "isMounted": [Function],
            "validateCallback": [Function],
          },
        }
      }
    />
  </Modal>
</div>
`;
