// Jest Snapshot v1, https://goo.gl/fbAQLP

exports[`(Component) ResultTable data is empty 1`] = `<div />`;

exports[`(Component) ResultTable render normally 1`] = `
<div>
  <ReactTable
    AggregatedComponent={[Function]}
    ExpanderComponent={[Function]}
    FilterComponent={[Function]}
    LoadingComponent={[Function]}
    NoDataComponent={[Function]}
    PadRowComponent={[Function]}
    PaginationComponent={[Function]}
    PivotValueComponent={[Function]}
    ResizerComponent={[Function]}
    TableComponent={[Function]}
    TbodyComponent={[Function]}
    TdComponent={[Function]}
    TfootComponent={[Function]}
    ThComponent={[Function]}
    TheadComponent={[Function]}
    TrComponent={[Function]}
    TrGroupComponent={[Function]}
    aggregatedKey="_aggregated"
    className="-striped -highligh-t"
    collapseOnDataChange={true}
    collapseOnPageChange={true}
    collapseOnSortingChange={true}
    column={
      Object {
        "Aggregated": undefined,
        "Cell": undefined,
        "Expander": undefined,
        "Filter": undefined,
        "Footer": undefined,
        "Header": undefined,
        "Pivot": undefined,
        "PivotValue": undefined,
        "aggregate": undefined,
        "className": "",
        "filterAll": false,
        "filterMethod": undefined,
        "filterable": undefined,
        "footerClassName": "",
        "footerStyle": Object {},
        "getFooterProps": [Function],
        "getHeaderProps": [Function],
        "getProps": [Function],
        "headerClassName": "",
        "headerStyle": Object {},
        "minWidth": 100,
        "resizable": undefined,
        "show": true,
        "sortMethod": undefined,
        "sortable": undefined,
        "style": Object {},
      }
    }
    columns={
      Array [
        Object {
          "Header": "Defect Code",
          "accessor": [Function],
          "id": "defectCode",
        },
        Object {
          "Header": "TNDAC1",
          "accessor": "TNDAC1",
        },
        Object {
          "Header": "TNDAC0",
          "accessor": "TNDAC0",
        },
        Object {
          "Header": "others",
          "accessor": "others",
        },
        Object {
          "Header": "Recall",
          "accessor": [Function],
          "id": "recall",
        },
      ]
    }
    data={
      Array [
        Object {
          "TNDAC0": 1030,
          "TNDAC1": 600,
          "defectCode": "TNDAC1",
          "others": 91,
          "recall": "50%",
        },
      ]
    }
    defaultExpanded={Object {}}
    defaultFilterMethod={[Function]}
    defaultFiltered={Array []}
    defaultPageSize={1}
    defaultResized={Array []}
    defaultSortDesc={false}
    defaultSortMethod={[Function]}
    defaultSorted={Array []}
    expanderDefaults={
      Object {
        "filterable": false,
        "resizable": false,
        "sortable": false,
        "width": 35,
      }
    }
    filterable={false}
    freezeWhenExpanded={false}
    getLoadingProps={[Function]}
    getNoDataProps={[Function]}
    getPaginationProps={[Function]}
    getProps={[Function]}
    getResizerProps={[Function]}
    getTableProps={[Function]}
    getTbodyProps={[Function]}
    getTdProps={[Function]}
    getTfootProps={[Function]}
    getTfootTdProps={[Function]}
    getTfootTrProps={[Function]}
    getTheadFilterProps={[Function]}
    getTheadFilterThProps={[Function]}
    getTheadFilterTrProps={[Function]}
    getTheadGroupProps={[Function]}
    getTheadGroupThProps={[Function]}
    getTheadGroupTrProps={[Function]}
    getTheadProps={[Function]}
    getTheadThProps={[Function]}
    getTheadTrProps={[Function]}
    getTrGroupProps={[Function]}
    getTrProps={[Function]}
    groupedByPivotKey="_groupedByPivot"
    indexKey="_index"
    loading={false}
    loadingText="Loading..."
    nestingLevelKey="_nestingLevel"
    nextText="Next"
    noDataText="No rows found"
    ofText="of"
    onFetchData={[Function]}
    originalKey="_original"
    pageSizeOptions={
      Array [
        5,
        10,
        20,
        25,
        50,
        100,
      ]
    }
    pageText="Page"
    pivotDefaults={Object {}}
    pivotIDKey="_pivotID"
    pivotValKey="_pivotVal"
    previousText="Previous"
    resizable={true}
    rowsText="rows"
    showPageJump={true}
    showPageSizeOptions={true}
    showPagination={false}
    showPaginationBottom={true}
    showPaginationTop={false}
    sortable={true}
    style={
      Object {
        "margin": "10px 30px",
      }
    }
    subRowsKey="_subRows"
  />
  <div
    style={
      Object {
        "display": "flex",
        "justifyContent": "space-between",
        "margin": "30px auto",
        "width": "40%",
      }
    }
  >
    <div>
      Correct Rate Avg: 
    </div>
    <div>
      Error Rate Avg: 
    </div>
    <div>
      Replace Rate: 
    </div>
  </div>
</div>
`;
